=== 2026-05-25T17:55:10Z ===
plan: docs/implementation/plans/2026-05-25-check-and-diagnostics.md
worktree: /Users/ryanwible/projects/wrela4

=== quality gate: /Users/ryanwible/projects/wrela4 ===

--- cargo fmt --check ---
PASS

--- RUSTFLAGS=-D warnings cargo check --all-targets ---
    Finished `dev` profile [unoptimized + debuginfo] target(s) in 0.01s
PASS

--- cargo clippy --all-targets -- -D warnings ---
    Finished `dev` profile [unoptimized + debuginfo] target(s) in 0.02s
PASS

--- cargo test ---
    Finished `test` profile [unoptimized + debuginfo] target(s) in 0.02s
     Running unittests src/lib.rs (target/debug/deps/wrela-1a6c8ff4c8ef15cd)

running 66 tests
test check::summary::tests::module_summary_exposes_imports_items_and_structural_validity ... ok
test check::suggest::tests::nearest_name_uses_distance_then_lexical_order ... ok
test check::summary::extraction_tests::parser_shape_matches_summary_extractor_expectations ... ok
test check::cst::tests::finds_child_nodes_and_identifier_text ... ok
test check::suggest::tests::edit_distance_counts_insert_delete_and_replace ... ok
test command::tests::help_lists_lexer_commands ... ok
test command::tests::help_lists_parse_command ... ok
test check::types::tests::builtins_have_stable_type_ids ... ok
test check::types::tests::unknown_types_are_distinct_and_marked_unknown ... ok
test command::tests::surplus_lex_args_exit_two ... ok
test command::tests::surplus_parse_args_exit_two ... ok
test command::tests::unknown_command_exits_two ... ok
test diagnostic::tests::compatibility_constructors_keep_existing_span_api ... ok
test diagnostic::tests::detects_errors ... ok
test diagnostic::tests::renders_single_line ... ok
test diagnostic::tests::renders_unspanned_diagnostics ... ok
test diagnostic::tests::structured_diagnostic_stores_codes_labels_groups_and_fixes ... ok
test diagnostic::tests::syntax_error_kind_expected_type_is_parse_phase ... ok
test lexer::kind::tests::punctuation_debug_is_stable ... ok
test lexer::kind::tests::recognizes_keywords ... ok
test lexer::lex::tests::comment_edge_cases_have_stable_kinds ... ok
test lexer::batch::tests::lexes_files_in_deterministic_file_order ... ok
test lexer::lex::tests::lexes_keywords_identifiers_and_punctuation ... ok
test lexer::lex::tests::lexes_dotted_module_path_without_range_tokens ... ok
test lexer::lex::tests::lexes_range_punctuation ... ok
test lexer::lex::tests::lexes_string_and_integer_literals ... ok
test discover::tests::reports_missing_root_without_invented_file_id ... ok
test lexer::lex::tests::nested_block_comments_are_one_trivia_item ... ok
test lexer::lex::tests::non_ascii_unknown_spans_cover_the_full_codepoint ... ok
test lexer::batch::tests::lexes_each_file_independently ... ok
test lexer::lex::tests::preserves_doc_comments_as_distinct_trivia ... ok
test lexer::lex::tests::preserves_whitespace_newlines_and_comments_as_trivia ... ok
test lexer::lex::tests::reports_invalid_escape ... ok
test lexer::lex::tests::reports_trailing_numeric_underscore ... ok
test lexer::lex::tests::reports_unknown_characters_and_continues ... ok
test lexer::lex::tests::reports_unterminated_string_and_continues ... ok
test lexer::token::tests::token_stores_kind_and_span ... ok
test lexer::trivia::tests::trivia_stores_kind_and_span ... ok
test source::tests::reports_one_based_line_and_column ... ok
test source::tests::returns_span_text_and_stable_hash ... ok
test discover::tests::reports_missing_imported_file ... ok
test source::tests::source_file_computes_line_starts ... ok
test source::tests::source_map_assigns_stable_ids ... ok
test source::tests::span_len_is_byte_based ... ok
test syntax::cst::tests::checkpoint_wraps_existing_child ... ok
test syntax::cst::tests::empty_node_uses_anchor_span ... ok
test syntax::cst::tests::error_element_preserves_order_and_span ... ok
test syntax::expr::tests::named_arg_requires_bare_identifier ... ok
test syntax::expr::tests::postfix_wraps_receiver_with_checkpoints ... ok
test syntax::imports::tests::extracts_dotted_import_paths ... ok
test syntax::expr::tests::try_else_requires_return ... ok
test syntax::imports::tests::rejects_import_with_missing_module ... ok
test syntax::imports::tests::recovers_when_second_use_appears_before_from ... ok
test syntax::imports::tests::rejects_invalid_module_start_after_from ... ok
test syntax::imports::tests::rejects_module_path_with_file_extension_segment ... ok
test syntax::imports::tests::rejects_module_path_with_slash_separator ... ok
test syntax::imports::tests::rejects_module_path_with_trailing_dot ... ok
test syntax::imports::tests::rejects_use_without_from ... ok
test discover::tests::discovers_imported_files_from_root ... ok
test syntax::parse::tests::let_requires_type_or_initializer ... ok
test syntax::expr::tests::deep_expression_emits_too_deep_diagnostic ... ok
test syntax::parse::tests::parse_file_reconstructs_source_with_attached_trivia_and_indentation ... ok
test syntax::parse::tests::parses_basic_block_statements ... ok
test syntax::types::tests::missing_type_name_emits_expected_type ... ok
test syntax::types::tests::parses_access_qualified_type ... ok
test syntax::types::tests::parses_generic_type_arguments ... ok

test result: ok. 66 passed; 0 failed; 0 ignored; 0 measured; 0 filtered out; finished in 0.00s

     Running unittests src/main.rs (target/debug/deps/wrela-a8be7e12b8cbdb6c)

running 0 tests

test result: ok. 0 passed; 0 failed; 0 ignored; 0 measured; 0 filtered out; finished in 0.00s

     Running tests/check.rs (target/debug/deps/check-2232aeb44061c6a2)

running 21 tests
test check_rejects_conflicting_format_flags ... ok
test check_human_renders_parse_diagnostic_with_source ... ok
test check_accepts_primitive_layout_c_data ... ok
test check_json_includes_resolve_code_and_source_hash ... ok
test check_rejects_string_in_layout_c_data ... ok
test check_reports_let_annotation_mismatch ... ok
test check_reports_moving_read_parameter ... ok
test check_default_json_is_machine_readable ... ok
test check_reports_duplicate_top_level_names ... ok
test check_default_json_includes_fix_metadata ... ok
test check_collects_semantic_summaries ... ok
test check_reports_return_type_mismatch ... ok
test check_reports_unknown_effect_in_phase ... ok
test check_reports_use_after_move ... ok
test diagnostic_examples_have_rich_human_output ... ok
test check_suppresses_type_cascade_after_unknown_name ... ok
test semantic_report_counts_checked_facts ... ok
test check_reports_wrong_kind_type_reference ... ok
test check_reports_unsupported_call_without_passing_silently ... ok
test check_validates_imported_public_names ... ok
test check_reports_unknown_type_with_suggestion ... ok

test result: ok. 21 passed; 0 failed; 0 ignored; 0 measured; 0 filtered out; finished in 0.00s

     Running tests/lexer.rs (target/debug/deps/lexer-0285461d9f61c811)

running 4 tests
test basic_fixture_lexes_without_errors ... ok
test comments_fixture_preserves_doc_and_block_comment_trivia ... ok
test errors_fixture_reports_recoverable_lexer_errors ... ok
test root_discovery_reaches_imported_files ... ok

test result: ok. 4 passed; 0 failed; 0 ignored; 0 measured; 0 filtered out; finished in 0.00s

     Running tests/parser.rs (target/debug/deps/parser-ca58cbd411798dc6)

running 21 tests
test missing_type_after_colon_emits_expected_type ... ok
test parse_files_parallel_reports_missing_source ... ok
test match_arm_body_is_expression_not_arbitrary_statement ... ok
test cst_import_path_agrees_with_discovery_import_parser ... ok
test image_body_recovery_preserves_following_top_level_item ... ok
test parses_assertions_reduce_and_scan ... ok
test parser_harness_smoke_parses_empty_fixture ... ok
test parses_member_declaration_forms ... ok
test parses_files_parallel_in_file_id_order ... ok
test parses_control_statement_forms ... ok
test recovers_after_bad_statement_and_parses_following_items ... ok
test recovers_malformed_field_list_without_hanging ... ok
test parses_top_level_declaration_forms ... ok
test reduce_and_scan_accept_full_expression_operands ... ok
test recovers_malformed_match_arm_list_without_hanging ... ok
test rejects_import_aliases_and_wildcards_in_v1 ... ok
test rejects_reserved_keyword_as_let_binding_name ... ok
test summarizes_module_counts_top_level_items ... ok
test use_without_from_still_parses_module_path ... ok
test parses_imports_after_discovery ... ok
test parse_command_reports_reachable_files ... ok

test result: ok. 21 passed; 0 failed; 0 ignored; 0 measured; 0 filtered out; finished in 0.00s

   Doc-tests wrela

running 0 tests

test result: ok. 0 passed; 0 failed; 0 ignored; 0 measured; 0 filtered out; finished in 0.00s

PASS

--- forbidden marker scan (src/) ---
PASS (no matches)

--- cargo metadata (deps) ---
PASS (zero external dependencies)

=== quality gate passed ===
